..\venv\Scripts\pyth
on.exe : Traceback 
(most recent call 
last):
At line:1 char:1
+ ..\venv\Scripts\py
thon.exe 
test_supabase.py > 
test_output.txt 2>&1
+ ~~~~~~~~~~~~~~~~~~
~~~~~~~~~~~~~~~~~~~~
~~~~~~~~~~~~~~~~~~~~
~~~~~~~~
    + CategoryInfo  
            : NotS  
  pecified: (Trac   
 eback (most rec    
ent call last):    
:String) [], Re    
moteException
    + FullyQualifie 
   dErrorId : Nati  
  veCommandError
 
  File "C:\Users\DEL
L\Desktop\Crevo\Crev
o\backend\test_supab
ase.py", line 7, in 
<module>
    client = get_sup
abase_client()
  File "C:\Users\DEL
L\Desktop\Crevo\Crev
o\backend\src\app\db
\database.py", line 
43, in 
get_supabase_client
    
_supabase_client = c
reate_client(SUPABAS
E_URL, api_key)
  File "C:\Users\DEL
L\Desktop\Crevo\Crev
o\venv\lib\site-pack
ages\supabase\_sync\
client.py", line 
295, in 
create_client
    return 
SyncClient.create(
  File "C:\Users\DEL
L\Desktop\Crevo\Crev
o\venv\lib\site-pack
ages\supabase\_sync\
client.py", line 
97, in create
    client = 
cls(supabase_url, 
supabase_key, 
options)
  File "C:\Users\DEL
L\Desktop\Crevo\Crev
o\venv\lib\site-pack
ages\supabase\_sync\
client.py", line 
75, in __init__
    self.auth = self
._init_supabase_auth
_client(
  File "C:\Users\DEL
L\Desktop\Crevo\Crev
o\venv\lib\site-pack
ages\supabase\_sync\
client.py", line 
217, in _init_supaba
se_auth_client
    return SyncSupab
aseAuthClient(
  File "C:\Users\DEL
L\Desktop\Crevo\Crev
o\venv\lib\site-pack
ages\supabase\_sync\
auth_client.py", 
line 31, in __init__
    SyncGoTrueClient
.__init__(
  File "C:\Users\DEL
L\Desktop\Crevo\Crev
o\venv\lib\site-pack
ages\gotrue\_sync\go
true_client.py", 
line 101, in 
__init__
    SyncGoTrueBaseAP
I.__init__(
  File "C:\Users\DEL
L\Desktop\Crevo\Crev
o\venv\lib\site-pack
ages\gotrue\_sync\go
true_base_api.py", 
line 28, in __init__
    
self._http_client = 
http_client or 
SyncClient(
TypeError: 
Client.__init__() 
got an unexpected 
keyword argument 
'proxy'
Initializing client...
Creating Supabase client with SERVICE_ROLE key
Error creating Supabase client: Client.__init__() got an unexpected keyword argument 'proxy'
